// Jest Snapshot v1, https://goo.gl/fbAQLP

exports[`chain: ensure-loader 1`] = `
Object {
  "dependencies": Array [
    "lol@^2.0.1",
  ],
  "loader": "babel-loader",
  "version": "^1.0.0",
}
`;

exports[`chain: proxy-loader 1`] = `
Object {
  "loader": "babel-loader",
  "options": Object {
    "babelrc": false,
  },
}
`;
